61305790721611591
99194853094755497
160500643816367088

